ssd1306.c:123:6:SSD1306_ToggleInvert	0	static
ssd1306.c:135:6:SSD1306_Fill	8	static
ssd1306.c:140:6:SSD1306_DrawPixel	8	static
ssd1306.c:162:6:SSD1306_GotoXY	0	static
ssd1306.c:168:6:SSD1306_Putc	40	static
ssd1306.c:199:6:SSD1306_Puts	16	static
ssd1306.c:217:6:SSD1306_DrawLine	48	static
ssd1306.c:322:6:ssd1306_I2C_Init	0	static
ssd1306.c:334:6:ssd1306_I2C_WriteMulti	24	dynamic
ssd1306.c:344:6:ssd1306_I2C_Write	24	static
ssd1306.c:110:6:SSD1306_UpdateScreen	16	static
ssd1306.c:47:9:SSD1306_Init	8	static
ssd1306.c:301:6:SSD1306_ON	8	static
ssd1306.c:306:6:SSD1306_OFF	8	static
